      my name is wq, hi, ,hi  a
